Microchip MPLAB XC8 Compiler V1.35 ()

Linker command line:

--edf=C:\Program Files (x86)\Microchip\xc8\v1.35\dat\en_msgs.txt -cs \
  -h+dist/Standalone/production\LoRaMote.X.production.sym \
  --cmf=dist/Standalone/production\LoRaMote.X.production.cmf -z -Q18LF45K50 \
  -oC:\Users\User\AppData\Local\Temp\sakc.2 \
  -Mdist/Standalone/production/LoRaMote.X.production.map -E1 -ver=XC8 \
  --acfsm=1493 -ASTACK=0580h-07ffh -pstack=STACK -ACODE=00h-07FFFh \
  -ACONST=00h-07FFFh -ASMALLCONST=0800h-08FFhx120 \
  -AMEDIUMCONST=0800h-07FFFh -ACOMRAM=01h-05Fh -AABS1=00h-07FFh \
  -ABIGRAM=01h-07FFh -ARAM=060h-0FFh,0100h-01FFhx7 -ABANK0=060h-0FFh \
  -ABANK1=0100h-01FFh -ABANK2=0200h-02FFh -ABANK3=0300h-03FFh \
  -ABANK4=0400h-04FFh -ABANK5=0500h-05FFh -ABANK6=0600h-06FFh \
  -ABANK7=0700h-07FFh -ASFR=0F53h-0F5Fh,0F60h-0FFFh \
  -preset_vec=00h,intcode=08h,intcodelo,powerup,init,end_init \
  -pramtop=0800h -psmallconst=SMALLCONST -pmediumconst=MEDIUMCONST \
  -pconst=CONST -AFARRAM=00h-00h -ACONFIG=0300000h-030000Dh -pconfig=CONFIG \
  -AIDLOC=0200000h-0200007h -pidloc=IDLOC -AEEDATA=0F00000h-0F000FFh \
  -peeprom_data=EEDATA \
  -prdata=COMRAM,nvrram=COMRAM,nvbit=COMRAM,rbss=COMRAM,rbit=COMRAM \
  -pfarbss=FARRAM,fardata=FARRAM,nvFARRAM=FARRAM \
  -pintsave_regs=BIGRAM,bigbss=BIGRAM,bigdata=BIGRAM -pbss=RAM \
  -pidata=CODE,irdata=CODE,ibigdata=CODE,ifardata=CODE -prparam=COMRAM \
  C:\Users\User\AppData\Local\Temp\sakc.obj \
  dist/Standalone/production\LoRaMote.X.production.obj 

Object code version is 3.11

Machine type is 18LF45K50

Call graph: (short form)




                Name                               Link     Load   Length Selector   Space Scale
C:\Users\User\AppData\Local\Temp\sakc.obj
                end_init                             C4       C4        4        4       0
                reset_vec                             0        0        4        0       0
                idloc                            200000   200000        8   200000       0
                config                           300000   300000        E   300000       0
dist/Standalone/production\LoRaMote.X.production.obj
                intcode                               8        8       BC        4       0
                temp                                 5B       5B        1        1       1
                mediumconst                        759A     759A      A66     3ACD       0
                text140                            6B28     6B28        4     357B       0
                text139                            6690     6690       36        4       0
                text138                            665A     665A       36        4       0
                text137                            6AB8     6AB8        C        4       0
                text136                            691C     691C       1E        4       0
                text135                            6B12     6B12        6     357B       0
                text134                            59E6     59E6       82        4       0
                text133                            6488     6488       3E        4       0
                text132                            6192     6192       5A        4       0
                text131                            4FAA     4FAA       CE        4       0
                text130                            4820     4820       E0        4       0
                text129                            4EDC     4EDC       CE        4       0
                text128                            3A2C     3A2C      130        4       0
                text127                            5FC6     5FC6       60        4       0
                text126                            533C     533C       AC        4       0
                text125                            57B6     57B6       94        4       0
                text124                            6502     6502       3C        4       0
                text123                            5078     5078       BA        4       0
                text122                            5E24     5E24       6E        4       0
                text121                            6138     6138       5A        4       0
                text120                            6082     6082       5C        4       0
                text119                            2B34     2B34      284        4       0
                text118                            3C88     3C88      120        4       0
                text117                            5290     5290       AC        4       0
                text116                            67C0     67C0       2C        4       0
                text115                            4740     4740       E0        4       0
                text114                            49DE     49DE       DC        4       0
                text113                            571A     571A       9C        4       0
                text112                            3FB6     3FB6      100        4       0
                text111                            595E     595E       88        4       0
                text110                            4E0E     4E0E       CE        4       0
                text109                            6408     6408       42        4       0
                text108                            6816     6816       2A        4       0
                text107                            6790     6790       30        4       0
                text106                            37C0     37C0      138        4       0
                text105                            38F8     38F8      134        4       0
                text104                            6B0C     6B0C        6     357B       0
                text102                            69FA     69FA       16        4       0
                text101                            6AE2     6AE2        A        4       0
                text100                            6970     6970       1A        4       0
                text99                             6A5C     6A5C       12        4       0
                text98                             644A     644A       3E        4       0
                text97                             69E4     69E4       16        4       0
                text96                             6244     6244       56        4       0
                text95                             6B24     6B24        4     357B       0
                text94                             65EC     65EC       38        4       0
                text93                             6B20     6B20        4     357B       0
                text92                             6A24     6A24       14        4       0
                text91                             6B1C     6B1C        4     357B       0
                text90                             68FA     68FA       22        4       0
                text89                             68D8     68D8       22        4       0
                text88                             66FA     66FA       34        4       0
                text87                             66C6     66C6       34        4       0
                text86                             3528     3528      156        4       0
                text85                             4B94     4B94       D8        4       0
                text84                             33AE     33AE      17A        4       0
                text83                             637E     637E       46        4       0
                text82                             63C4     63C4       44        4       0
                text81                             6AFE     6AFE        8     357B       0
                text80                             6B18     6B18        4     357B       0
                text79                             4576     4576       EA        4       0
                text78                             68B6     68B6       22        4       0
                text77                             4660     4660       E0        4       0
                text76                             69CE     69CE       16        4       0
                text75                             693A     693A       1C        4       0
                text74                             698A     698A       18        4       0
                text73                             69B8     69B8       16        4       0
                text72                             5490     5490       A8        4       0
                text71                             6868     6868       28        4       0
                text70                             6956     6956       1A        4       0
                text69                             5E92     5E92       6C        4       0
                text68                             5B64     5B64       7C        4       0
                text67                             4D40     4D40       CE        4       0
                text66                             6AD8     6AD8        A        4       0
                text65                             6AAA     6AAA        E        4       0
                text64                             6760     6760       30        4       0
                text63                             6A4A     6A4A       12        4       0
                text62                             6890     6890       26        4       0
                text61                             6AF6     6AF6        8     357B       0
                text60                             4398     4398       F2        4       0
                text59                             5F64     5F64       62        4       0
                text58                             367E     367E      142        4       0
                text57                             6B06     6B06        6     357B       0
                text56                             6ACE     6ACE        A        4       0
                text55                             64C6     64C6       3C        4       0
                text54                             65B2     65B2       3A        4       0
                text53                             61EC     61EC       58        4       0
                text52                             55DA     55DA       A2        4       0
                text51                             131E     131E      66A        4       0
                text50                             1988     1988      4A8        4       0
                text49                             2774     2774      3C0        4       0
                text48                             1E30     1E30      4A6        4       0
                text47                             3DA8     3DA8      10C        4       0
                text46                             302E     302E      1CE        4       0
                text45                             42A6     42A6       F2        4       0
                text44                             22D6     22D6      49E        4       0
                text43                             6AC4     6AC4        A        4       0
                text42                             629A     629A       50        4       0
                text41                             5CD0     5CD0       74        4       0
                text40                             584A     584A       8C        4       0
                text39                             6840     6840       28        4       0
                text38                             6A9C     6A9C        E        4       0
                text37                             6A38     6A38       12        4       0
                text36                             6A7E     6A7E       10        4       0
                text35                             6A6E     6A6E       10        4       0
                text34                             6A10     6A10       14        4       0
                text33                             5A68     5A68       80        4       0
                text32                             67EC     67EC       2A        4       0
                text31                             69A2     69A2       16        4       0
                text30                             672E     672E       32        4       0
                text29                             3EB4     3EB4      102        4       0
                text28                             5C58     5C58       78        4       0
                text27                             31FC     31FC      1B2        4       0
                text26                             5538     5538       A2        4       0
                text25                             6026     6026       5C        4       0
                text24                             4900     4900       DE        4       0
                text23                             5132     5132       B0        4       0
                text22                             6624     6624       36        4       0
                text21                             567C     567C       9E        4       0
                text20                             6A8E     6A8E        E        4       0
                text19                             6334     6334       4A        4       0
                text18                             5AE8     5AE8       7C        4       0
                text17                             60DE     60DE       5A        4       0
                text16                             62EA     62EA       4A        4       0
                text15                             58D6     58D6       88        4       0
                text14                             53E8     53E8       A8        4       0
                text13                             4C6C     4C6C       D4        4       0
                text12                             6578     6578       3A        4       0
                text11                             4ABA     4ABA       DA        4       0
                text10                               C8       C8     1256        4       0
                text9                              2DB8     2DB8      276        4       0
                text8                              448A     448A       EC        4       0
                text7                              653E     653E       3A        4       0
                text6                              41B2     41B2       F4        4       0
                text5                              5DB6     5DB6       6E        4       0
                text4                              5EFE     5EFE       66        4       0
                text3                              51E2     51E2       AE        4       0
                text2                              40B6     40B6       FC        4       0
                text1                              5D44     5D44       72        4       0
                text0                              3B5C     3B5C      12C        4       0
                cstackCOMRAM                          1        1       2D        1       1
                cstackBANK0                          60       60       57       60       1
                cstackBANK1                         1EC      1EC        5      100       1
                bssBANK2                            200      200       C0      200       1
                dataBANK1                           1F1      1F1        2      100       1
                bssBANK1                            100      100       EC      100       1
                dataBANK0                            F5       F5        9       60       1
                bssBANK0                             B7       B7       3E       60       1
                bssCOMRAM                            2E       2E       2C        1       1
                bitbssCOMRAM                        2D0       5A        1        1       1     8
                cinit                              5BE0     5BE0       78        4       0
                idataBANK1                         6B2C     6B2C        2     357B       0
                idataBANK0                         6AEC     6AEC        9        4       0

TOTAL           Name                               Link     Load   Length     Space
        CLASS   STACK          

        CLASS   CODE           
                end_init                             C4       C4        4         0
                intcode                               8        8       BC         0
                reset_vec                             0        0        4         0
                text140                            6B28     6B28        4         0
                text139                            6690     6690       36         0
                text138                            665A     665A       36         0
                text137                            6AB8     6AB8        C         0
                text136                            691C     691C       1E         0
                text135                            6B12     6B12        6         0
                text134                            59E6     59E6       82         0
                text133                            6488     6488       3E         0
                text132                            6192     6192       5A         0
                text131                            4FAA     4FAA       CE         0
                text130                            4820     4820       E0         0
                text129                            4EDC     4EDC       CE         0
                text128                            3A2C     3A2C      130         0
                text127                            5FC6     5FC6       60         0
                text126                            533C     533C       AC         0
                text125                            57B6     57B6       94         0
                text124                            6502     6502       3C         0
                text123                            5078     5078       BA         0
                text122                            5E24     5E24       6E         0
                text121                            6138     6138       5A         0
                text120                            6082     6082       5C         0
                text119                            2B34     2B34      284         0
                text118                            3C88     3C88      120         0
                text117                            5290     5290       AC         0
                text116                            67C0     67C0       2C         0
                text115                            4740     4740       E0         0
                text114                            49DE     49DE       DC         0
                text113                            571A     571A       9C         0
                text112                            3FB6     3FB6      100         0
                text111                            595E     595E       88         0
                text110                            4E0E     4E0E       CE         0
                text109                            6408     6408       42         0
                text108                            6816     6816       2A         0
                text107                            6790     6790       30         0
                text106                            37C0     37C0      138         0
                text105                            38F8     38F8      134         0
                text104                            6B0C     6B0C        6         0
                text102                            69FA     69FA       16         0
                text101                            6AE2     6AE2        A         0
                text100                            6970     6970       1A         0
                text99                             6A5C     6A5C       12         0
                text98                             644A     644A       3E         0
                text97                             69E4     69E4       16         0
                text96                             6244     6244       56         0
                text95                             6B24     6B24        4         0
                text94                             65EC     65EC       38         0
                text93                             6B20     6B20        4         0
                text92                             6A24     6A24       14         0
                text91                             6B1C     6B1C        4         0
                text90                             68FA     68FA       22         0
                text89                             68D8     68D8       22         0
                text88                             66FA     66FA       34         0
                text87                             66C6     66C6       34         0
                text86                             3528     3528      156         0
                text85                             4B94     4B94       D8         0
                text84                             33AE     33AE      17A         0
                text83                             637E     637E       46         0
                text82                             63C4     63C4       44         0
                text81                             6AFE     6AFE        8         0
                text80                             6B18     6B18        4         0
                text79                             4576     4576       EA         0
                text78                             68B6     68B6       22         0
                text77                             4660     4660       E0         0
                text76                             69CE     69CE       16         0
                text75                             693A     693A       1C         0
                text74                             698A     698A       18         0
                text73                             69B8     69B8       16         0
                text72                             5490     5490       A8         0
                text71                             6868     6868       28         0
                text70                             6956     6956       1A         0
                text69                             5E92     5E92       6C         0
                text68                             5B64     5B64       7C         0
                text67                             4D40     4D40       CE         0
                text66                             6AD8     6AD8        A         0
                text65                             6AAA     6AAA        E         0
                text64                             6760     6760       30         0
                text63                             6A4A     6A4A       12         0
                text62                             6890     6890       26         0
                text61                             6AF6     6AF6        8         0
                text60                             4398     4398       F2         0
                text59                             5F64     5F64       62         0
                text58                             367E     367E      142         0
                text57                             6B06     6B06        6         0
                text56                             6ACE     6ACE        A         0
                text55                             64C6     64C6       3C         0
                text54                             65B2     65B2       3A         0
                text53                             61EC     61EC       58         0
                text52                             55DA     55DA       A2         0
                text51                             131E     131E      66A         0
                text50                             1988     1988      4A8         0
                text49                             2774     2774      3C0         0
                text48                             1E30     1E30      4A6         0
                text47                             3DA8     3DA8      10C         0
                text46                             302E     302E      1CE         0
                text45                             42A6     42A6       F2         0
                text44                             22D6     22D6      49E         0
                text43                             6AC4     6AC4        A         0
                text42                             629A     629A       50         0
                text41                             5CD0     5CD0       74         0
                text40                             584A     584A       8C         0
                text39                             6840     6840       28         0
                text38                             6A9C     6A9C        E         0
                text37                             6A38     6A38       12         0
                text36                             6A7E     6A7E       10         0
                text35                             6A6E     6A6E       10         0
                text34                             6A10     6A10       14         0
                text33                             5A68     5A68       80         0
                text32                             67EC     67EC       2A         0
                text31                             69A2     69A2       16         0
                text30                             672E     672E       32         0
                text29                             3EB4     3EB4      102         0
                text28                             5C58     5C58       78         0
                text27                             31FC     31FC      1B2         0
                text26                             5538     5538       A2         0
                text25                             6026     6026       5C         0
                text24                             4900     4900       DE         0
                text23                             5132     5132       B0         0
                text22                             6624     6624       36         0
                text21                             567C     567C       9E         0
                text20                             6A8E     6A8E        E         0
                text19                             6334     6334       4A         0
                text18                             5AE8     5AE8       7C         0
                text17                             60DE     60DE       5A         0
                text16                             62EA     62EA       4A         0
                text15                             58D6     58D6       88         0
                text14                             53E8     53E8       A8         0
                text13                             4C6C     4C6C       D4         0
                text12                             6578     6578       3A         0
                text11                             4ABA     4ABA       DA         0
                text10                               C8       C8     1256         0
                text9                              2DB8     2DB8      276         0
                text8                              448A     448A       EC         0
                text7                              653E     653E       3A         0
                text6                              41B2     41B2       F4         0
                text5                              5DB6     5DB6       6E         0
                text4                              5EFE     5EFE       66         0
                text3                              51E2     51E2       AE         0
                text2                              40B6     40B6       FC         0
                text1                              5D44     5D44       72         0
                text0                              3B5C     3B5C      12C         0
                cinit                              5BE0     5BE0       78         0
                idataBANK1                         6B2C     6B2C        2         0
                idataBANK0                         6AEC     6AEC        9         0

        CLASS   CONST          

        CLASS   SMALLCONST     

        CLASS   MEDIUMCONST    
                mediumconst                        759A     759A      A66         0

        CLASS   COMRAM         
                temp                                 5B       5B        1         1
                cstackCOMRAM                          1        1       2D         1
                bssCOMRAM                            2E       2E       2C         1
                bitbssCOMRAM                        2D0       5A        1         1

        CLASS   ABS1           
                abs_s1                              400      400       40         1
                abs_s1                              500      500       80         1

        CLASS   BIGRAM         

        CLASS   RAM            

        CLASS   BANK0          
                cstackBANK0                          60       60       57         1
                dataBANK0                            F5       F5        9         1
                bssBANK0                             B7       B7       3E         1

        CLASS   BANK1          
                cstackBANK1                         1EC      1EC        5         1
                dataBANK1                           1F1      1F1        2         1
                bssBANK1                            100      100       EC         1

        CLASS   BANK2          
                bssBANK2                            200      200       C0         1

        CLASS   BANK3          

        CLASS   BANK4          

        CLASS   BANK5          

        CLASS   BANK6          

        CLASS   BANK7          

        CLASS   SFR            

        CLASS   FARRAM         

        CLASS   CONFIG         
                config                           300000   300000        E         0

        CLASS   IDLOC          
                idloc                            200000   200000        8         0

        CLASS   EEDATA         



SEGMENTS        Name                           Load    Length   Top    Selector   Space  Class

                reset_vec                      000000  000004  000004         0       0  CODE    
                cstackCOMRAM                   000001  00005B  00005C         1       1  COMRAM  
                intcode                        000008  006AED  006AF5         4       0  CODE    
                cstackBANK0                    000060  00009E  0000FE        60       1  BANK0   
                bssBANK1                       000100  0000F3  0001F3       100       1  BANK1   
                bssBANK2                       000200  0000C0  0002C0       200       1  BANK2   
                text61                         006AF6  000038  006B2E      357B       0  CODE    
                mediumconst                    00759A  000A66  008000      3ACD       0  MEDIUMCO
                idloc                          200000  000008  200008    200000       0  IDLOC   
                config                         300000  00000E  30000E    300000       0  CONFIG  


UNUSED ADDRESS RANGES

        Name                Unused          Largest block    Delta
        BANK0            0000FE-0000FF                2
        BANK1            0001F3-0001FF                D
        BANK2            0002C0-0002FF               40
        BANK3            000300-0003FF              100
        BANK4            000440-0004FF               C0
        BANK5            000580-0005FF               80
        BANK6            000600-0006FF              100
        BANK7            000700-0007FF              100
        BIGRAM           00005C-00005F                4
                         0000FE-0000FF                2
                         0001F3-0001FF                D
                         0002C0-0003FF              140
                         000440-0004FF               C0
                         000580-0007FF              280
        CODE             000004-000007                4
                         006AF5-006AF5                1
                         006B2E-007599              A6C
        COMRAM           00005C-00005F                4
        CONST            000004-000007                4
                         006AF5-006AF5                1
                         006B2E-007599              A6C
        EEDATA           F00000-F000FF              100
        MEDIUMCONST      006AF5-006AF5                1
                         006B2E-007599              A6C
        RAM              0000FE-0000FF                2
                         0001F3-0001FF                D
                         0002C0-0003FF               40
                         000440-0004FF               C0
                         000580-0007FF              100
        SFR              000F53-000FFF                D
        SMALLCONST       006AF5-006AF5                1
                         006B2E-007599              100
        STACK            000580-0007FF              280

                                  Symbol Table

?_USBTransferOnePacket                       cstackBANK0  000060
?___almod                                    cstackBANK0  000060
?___awmod                                    cstackBANK0  000060
?___fladd                                    cstackBANK0  000060
?___fldiv                                    cstackBANK0  00008D
?___flmul                                    cstackBANK0  000074
?___fltol                                    cstackBANK0  000060
?___lldiv                                    cstackCOMRAM 000001
?___lwdiv                                    cstackBANK0  000060
?___lwmod                                    cstackBANK0  000060
?___wmul                                     cstackBANK0  000060
?___xxtofl                                   cstackBANK0  000060
?_moteApp_convertSensorValue                 cstackBANK0  000071
?_moteApp_getLightString                     cstackBANK0  000060
?_moteApp_getLightValue                      cstackBANK0  00006D
?_moteApp_getTempValue                       cstackBANK0  000063
?_strcmp                                     cstackBANK0  000060
?_strncmp                                    cstackBANK0  000060
?i2_USBTransferOnePacket                     cstackCOMRAM 000001
ADC_TempConversion@temp                      cstackBANK0  0000A7
ADC_TempConversion@tempRaw                   cstackBANK0  0000A6
ADC_TempConversion@val                       cstackBANK0  0000A8
CDCTxService@byte_to_send                    cstackBANK0  00006B
CDCTxService@i                               cstackBANK0  00006A
DATAEE_ReadByte@bAdd                         cstackBANK0  000060
DATAEE_WriteByte@GIEBitValue                 cstackBANK0  000062
DATAEE_WriteByte@bAdd                        cstackBANK0  000061
DATAEE_WriteByte@bData                       cstackBANK0  000060
EUSART_FlushBuffer@index                     cstackBANK0  000060
EUSART_Read@readValue                        cstackBANK0  000060
EUSART_Write@txData                          cstackBANK0  000060
MOTEapp_SetDataRateSetting@dr                cstackBANK0  000064
MOTEapp_TimerBasedTask@timerTask             cstackBANK0  000060
MOTEapp_getModuleResponse@bufferByte         cstackBANK0  000062
MOTEapp_getModuleResponse@terminatorReceived cstackBANK0  000061
MOTEapp_handlerState@state                   cstackBANK0  000060
Set_Column_Address@address                   cstackBANK0  000061
Set_Page_Address@address                     cstackBANK0  000061
TMR2_ReadTimer@readVal                       cstackBANK0  000060
USART_mySetLineCodingHandler@dwBaud          cstackCOMRAM 00000E
USBConfigureEndpoint@EPNum                   cstackCOMRAM 000006
USBConfigureEndpoint@direction               cstackCOMRAM 000001
USBConfigureEndpoint@handle                  cstackCOMRAM 000007
USBCtrlEPService@setup_cnt                   cstackCOMRAM 00001E
USBCtrlTrfInHandler@lastDTS                  cstackCOMRAM 000012
USBCtrlTrfRxService@byteToRead               cstackCOMRAM 000013
USBCtrlTrfRxService@i                        cstackCOMRAM 000012
USBCtrlTrfTxService@byteToSend               cstackCOMRAM 000001
USBDeviceInit@i                              cstackBANK0  000068
USBDeviceTasks@i                             cstackCOMRAM 00001F
USBEnableEndpoint@ep                         cstackCOMRAM 00000C
USBEnableEndpoint@options                    cstackCOMRAM 000009
USBEnableEndpoint@p                          cstackCOMRAM 00000A
USBStdFeatureReqHandler@current_ep_data      cstackCOMRAM 000019
USBStdFeatureReqHandler@p                    cstackCOMRAM 00001A
USBStdFeatureReqHandler@pUEP                 cstackCOMRAM 000017
USBStdGetStatusHandler@p                     cstackCOMRAM 000002
USBStdSetCfgHandler@i                        cstackCOMRAM 000016
USBTransferOnePacket@data                    cstackBANK0  000061
USBTransferOnePacket@dir                     cstackBANK0  000060
USBTransferOnePacket@ep                      cstackBANK0  000064
USBTransferOnePacket@handle                  cstackBANK0  000065
USBTransferOnePacket@len                     cstackBANK0  000063
USBapp_CdcEmulatorInitialize@i               cstackCOMRAM 00000D
USBapp_Handler@buttonPress                   cstackBANK0  000076
USBapp_LEDUpdateStatus@ledCount              bssCOMRAM    000042
USBapp_exitCDCState@usbState                 cstackBANK0  000060
USBapp_handlerState@state                    cstackBANK0  000060
USER_USB_CALLBACK_EVENT_HANDLER@event        cstackCOMRAM 00000E
USER_USB_CALLBACK_EVENT_HANDLER@pdata        cstackCOMRAM 000010
USER_USB_CALLBACK_EVENT_HANDLER@size         cstackCOMRAM 000012
_ACTCON                                      (abs)        000FB5
_ADCON0                                      (abs)        000FC2
_ADCON0bits                                  (abs)        000FC2
_ADCON1                                      (abs)        000FC1
_ADCON2                                      (abs)        000FC0
_ADC_Initialize                              text100      006970
_ADC_TempConversion                          text45       0042A6
_ADRESH                                      (abs)        000FC4
_ADRESL                                      (abs)        000FC3
_ANSELAbits                                  (abs)        000F5B
_ANSELCbits                                  (abs)        000F5D
_ANSELD                                      (abs)        000F5E
_BAUDCON                                     (abs)        000FB8
_BDT                                         (abs)        000400
_BaudRateGen                                 bssBANK1     000146
_BothEP0OutUOWNsSet                          bssBANK0     0000CD
_CDCDataInHandle                             bssBANK0     0000BD
_CDCDataOutHandle                            bssBANK0     0000BF
_CDCInitEP                                   text122      005E24
_CDCTxService                                text84       0033AE
_CDCTxService$6537                           cstackBANK0  000068
_CKE                                         (abs)        007E3E
_CKP                                         (abs)        007E34
_CM1CON0                                     (abs)        000F98
_CM1CON0bits                                 (abs)        000F98
_CM2CON1bits                                 (abs)        000F9A
_CMP1_ISR                                    text140      006B28
_CMP1_Initialize                             text99       006A5C
_Contrast_level                              dataBANK0    0000F5
_CtrlTrfData                                 (abs)        000438
_DATAEE_ReadByte                             text102      0069FA
_DATAEE_WriteByte                            text55       0064C6
_EEADR                                       (abs)        000FA9
_EECON1bits                                  (abs)        000FA6
_EECON2                                      (abs)        000FA7
_EEDATA                                      (abs)        000FA8
_EUSART_FlushBuffer                          text42       00629A
_EUSART_Initialize                           text98       00644A
_EUSART_Read                                 text83       00637E
_EUSART_Receive_ISR                          text139      006690
_EUSART_Transmit_ISR                         text138      00665A
_EUSART_Write                                text82       0063C4
_EndLine                                     text65       006AAA
_GIE                                         (abs)        007F97
_INTCON3bits                                 (abs)        000FF0
_INTCONbits                                  (abs)        000FF2
_INTERRUPT_InterruptManager                  intcode      000008
_IOCCbits                                    (abs)        000F87
_IPR3bits                                    (abs)        000FA5
_LATAbits                                    (abs)        000F89
_LATBbits                                    (abs)        000F8A
_LATCbits                                    (abs)        000F8B
_LATD                                        (abs)        000F8C
_LATEbits                                    (abs)        000F8D
_LastRS232Out                                bssCOMRAM    00004A
_MOTEapp_SetDataRateSetting                  text44       0022D6
_MOTEapp_TimerBasedTask                      text62       006890
_MOTEapp_getModuleResponse                   text41       005CD0
_MOTEapp_handlerState                        text101      006AE2
_MOTEapp_setResponseReady                    text81       006AFE
_NextUSBOut                                  bssCOMRAM    00004B
_OSCCON                                      (abs)        000FD3
_OSCCON2                                     (abs)        000FD2
_OSCCON2bits                                 (abs)        000FD2
_OSCILLATOR_Initialize                       text97       0069E4
_OSCTUNE                                     (abs)        000F9B
_OledFont0                                   mediumconst  0075A3
_PEIE                                        (abs)        007F96
_PIE1bits                                    (abs)        000F9D
_PIE2bits                                    (abs)        000FA0
_PIE3bits                                    (abs)        000FA3
_PIN_MANAGER_Initialize                      text96       006244
_PIR1bits                                    (abs)        000F9E
_PIR2bits                                    (abs)        000FA1
_PIR3bits                                    (abs)        000FA4
_PORTAbits                                   (abs)        000F80
_PORTBbits                                   (abs)        000F81
_PORTCbits                                   (abs)        000F82
_PR2                                         (abs)        000FBB
_RCONbits                                    (abs)        000FD0
_RCREG                                       (abs)        000FAE
_RCSTA                                       (abs)        000FAB
_RCSTAbits                                   (abs)        000FAB
_RS232_Out_Data_Rdy                          bssCOMRAM    00004C
_RS232cp                                     bssCOMRAM    00004D
_RemoteWakeup                                bssBANK0     0000CE
_SPBRG                                       (abs)        000FAF
_SPBRGH                                      (abs)        000FB0
_SSP1ADD                                     (abs)        000FC8
_SSP1CON1                                    (abs)        000FC6
_SSP1CON1bits                                (abs)        000FC6
_SSP1STAT                                    (abs)        000FC7
_SSP1STATbits                                (abs)        000FC7
_SSPBUF                                      (abs)        000FC9
_SYSTEM_Initialize                           text89       0068D8
_Set_Column_Address                          text75       00693A
_Set_Page_Address                            text74       00698A
_SetupPkt                                    (abs)        000430
_T1CON                                       (abs)        000FCD
_T1CONbits                                   (abs)        000FCD
_T1GCON                                      (abs)        000FCC
_T1GCONbits                                  (abs)        000FCC
_T2CON                                       (abs)        000FBA
_T2CONbits                                   (abs)        000FBA
_T3CON                                       (abs)        000FB1
_T3CONbits                                   (abs)        000FB1
_T3GCON                                      (abs)        000FB4
_T3GCONbits                                  (abs)        000FB4
_TABLAT                                      (abs)        000FF5
_TBLPTRH                                     (abs)        000FF7
_TBLPTRL                                     (abs)        000FF6
_TBLPTRU                                     (abs)        000FF8
_TMR1H                                       (abs)        000FCF
_TMR1L                                       (abs)        000FCE
_TMR1_ISR                                    text137      006AB8
_TMR1_Initialize                             text94       0065EC
_TMR1_StartTimer                             text95       006B24
_TMR2                                        (abs)        000FBC
_TMR2_Initialize                             text92       006A24
_TMR2_ReadTimer                              text43       006AC4
_TMR2_StartTimer                             text93       006B20
_TMR3                                        (abs)        000FB2
_TMR3H                                       (abs)        000FB3
_TMR3L                                       (abs)        000FB2
_TMR3_ISR                                    text136      00691C
_TMR3_Initialize                             text90       0068FA
_TMR3_StartTimer                             text91       006B1C
_TMRapp_ClearBitFlags                        text61       006AF6
_TMRapp_Handler                              text58       00367E
_TMRapp_Tick                                 text135      006B12
_TRISAbits                                   (abs)        000F92
_TRISBbits                                   (abs)        000F93
_TRISCbits                                   (abs)        000F94
_TRISD                                       (abs)        000F95
_TRISEbits                                   (abs)        000F96
_TXREG                                       (abs)        000FAD
_TXSTA                                       (abs)        000FAC
_TXSTAbits                                   (abs)        000FAC
_UADDR                                       (abs)        000F63
_UCFG                                        (abs)        000F62
_UCON                                        (abs)        000F60
_UCONbits                                    (abs)        000F60
_UEIE                                        (abs)        000F66
_UEIR                                        (abs)        000F67
_UEP0                                        (abs)        000F6A
_UEP0bits                                    (abs)        000F6A
_UEP1                                        (abs)        000F6B
_UIE                                         (abs)        000F64
_UIEbits                                     (abs)        000F64
_UIR                                         (abs)        000F65
_UIRbits                                     (abs)        000F65
_USART_mySetLineCodingHandler                text132      006192
_USBActiveConfiguration                      bssCOMRAM    000058
_USBAlternateInterface                       bssBANK0     0000F3
_USBBusIsSuspended                           bssBANK0     0000CF
_USBCheckCDCRequest                          text126      00533C
_USBCheckStdRequest                          text114      0049DE
_USBConfigureEndpoint                        text125      0057B6
_USBCtrlEPAllowDataStage                     text113      00571A
_USBCtrlEPAllowStatusStage                   text129      004EDC
_USBCtrlEPService                            text110      004E0E
_USBCtrlEPServiceComplete                    text112      003FB6
_USBCtrlTrfInHandler                         text130      004820
_USBCtrlTrfOutHandler                        text127      005FC6
_USBCtrlTrfRxService                         text128      003A2C
_USBCtrlTrfSetupHandler                      text111      00595E
_USBCtrlTrfTxService                         text131      004FAA
_USBDeferINDataStagePackets                  bssBANK0     0000D0
_USBDeferOUTDataStagePackets                 bssBANK0     0000D1
_USBDeferStatusStagePacket                   bssCOMRAM    00004E
_USBDeviceAttach                             text88       0066FA
_USBDeviceInit                               text86       003528
_USBDeviceState                              bssBANK0     0000D2
_USBDeviceTasks                              text105      0038F8
_USBEnableEndpoint                           text124      006502
_USBStallHandler                             text109      006408
_USBStatusStageEnabledFlag1                  bssBANK0     0000D3
_USBStatusStageEnabledFlag2                  bssBANK0     0000D4
_USBStatusStageTimeoutCounter                bssCOMRAM    00004F
_USBStdFeatureReqHandler                     text119      002B34
_USBStdGetDscHandler                         text118      003C88
_USBStdGetStatusHandler                      text117      005290
_USBStdSetCfgHandler                         text115      004740
_USBSuspend                                  text108      006816
_USBTransferOnePacket                        text85       004B94
_USBWakeFromSuspend                          text107      006790
_USB_Buffer                                  bssBANK2     000280
_USB_CD_Ptr                                  mediumconst  0075A1
_USB_SD_Ptr                                  mediumconst  00759B
_USBapp_CdcEmulatorInitialize                text121      006138
_USBapp_DeviceCdcEmulatorHandler             text77       004660
_USBapp_Handler                              text67       004D40
_USBapp_exitCDC                              text57       006B06
_USBapp_exitCDCState                         text56       006ACE
_USBapp_getrxByteFlag                        text80       006B18
_USBapp_handlerState                         text66       006AD8
_USBapp_setrxByteFlag                        text104      006B0C
_USER_USB_CALLBACK_EVENT_HANDLER             text120      006082
_USTAT                                       (abs)        000F61
_USTATcopy                                   bssCOMRAM    000059
_VREFCON0                                    (abs)        000F7D
_VREFCON0bits                                (abs)        000F7D
_WDTCONbits                                  (abs)        000FD1
__CFG_BOREN$SBORDIS                          (abs)        000000
__CFG_BORV$190                               (abs)        000000
__CFG_CCP2MX$RC1                             (abs)        000000
__CFG_CFGPLLEN$OFF                           (abs)        000000
__CFG_CP0$OFF                                (abs)        000000
__CFG_CP1$OFF                                (abs)        000000
__CFG_CP2$OFF                                (abs)        000000
__CFG_CP3$OFF                                (abs)        000000
__CFG_CPB$OFF                                (abs)        000000
__CFG_CPD$OFF                                (abs)        000000
__CFG_CPUDIV$NOCLKDIV                        (abs)        000000
__CFG_EBTR0$OFF                              (abs)        000000
__CFG_EBTR1$OFF                              (abs)        000000
__CFG_EBTR2$OFF                              (abs)        000000
__CFG_EBTR3$OFF                              (abs)        000000
__CFG_EBTRB$OFF                              (abs)        000000
__CFG_FCMEN$OFF                              (abs)        000000
__CFG_FOSC$INTOSCIO                          (abs)        000000
__CFG_ICPRT$OFF                              (abs)        000000
__CFG_IESO$OFF                               (abs)        000000
__CFG_LS48MHZ$SYS48X8                        (abs)        000000
__CFG_LVP$OFF                                (abs)        000000
__CFG_MCLRE$ON                               (abs)        000000
__CFG_PBADEN$OFF                             (abs)        000000
__CFG_PCLKEN$OFF                             (abs)        000000
__CFG_PLLSEL$PLL3X                           (abs)        000000
__CFG_SDOMX$RB3                              (abs)        000000
__CFG_STVREN$ON                              (abs)        000000
__CFG_T3CMX$RC0                              (abs)        000000
__CFG_WDTEN$SWON                             (abs)        000000
__CFG_WDTPS$8192                             (abs)        000000
__CFG_WRT0$OFF                               (abs)        000000
__CFG_WRT1$OFF                               (abs)        000000
__CFG_WRT2$OFF                               (abs)        000000
__CFG_WRT3$OFF                               (abs)        000000
__CFG_WRTB$OFF                               (abs)        000000
__CFG_WRTC$OFF                               (abs)        000000
__CFG_WRTD$OFF                               (abs)        000000
__CFG_XINST$OFF                              (abs)        000000
__CFG_nLPBOR$ON                              (abs)        000000
__CFG_nPWRTEN$OFF                            (abs)        000000
__HRAM                                       (abs)        000000
__Habs1                                      abs1         000000
__Hbank0                                     bank0        000000
__Hbank1                                     bank1        000000
__Hbank2                                     bank2        000000
__Hbank3                                     bank3        000000
__Hbank4                                     bank4        000000
__Hbank5                                     bank5        000000
__Hbank6                                     bank6        000000
__Hbank7                                     bank7        000000
__Hbigbss                                    bigbss       000000
__Hbigdata                                   bigdata      000000
__Hbigram                                    bigram       000000
__HbitbssCOMRAM                              bitbssCOMRAM 000000
__Hbss                                       bss          000000
__HbssBANK0                                  bssBANK0     000000
__HbssBANK1                                  bssBANK1     000000
__HbssBANK2                                  bssBANK2     000000
__HbssCOMRAM                                 bssCOMRAM    000000
__Hcinit                                     cinit        000000
__Hclrtext                                   clrtext      000000
__Hcomram                                    comram       000000
__Hconfig                                    config       30000E
__Hconst                                     const        000000
__HcstackBANK0                               cstackBANK0  000000
__HcstackBANK1                               cstackBANK1  000000
__HcstackCOMRAM                              cstackCOMRAM 000000
__Hdata                                      data         000000
__HdataBANK0                                 dataBANK0    000000
__HdataBANK1                                 dataBANK1    000000
__Heeprom_data                               eeprom_data  000000
__Hend_init                                  end_init     0000C8
__Hfarbss                                    farbss       000000
__Hfardata                                   fardata      000000
__Hibigdata                                  ibigdata     000000
__Hidata                                     idata        000000
__HidataBANK0                                idataBANK0   000000
__HidataBANK1                                idataBANK1   000000
__Hidloc                                     idloc        200008
__Hifardata                                  ifardata     000000
__Hinit                                      init         0000C4
__Hintcode                                   intcode      0000C4
__Hintcode_body                              intcode_body 000000
__Hintcodelo                                 intcodelo    0000C4
__Hintentry                                  intentry     000000
__Hintret                                    intret       000000
__Hintsave_regs                              intsave_regs 000000
__Hirdata                                    irdata       000000
__Hmediumconst                               mediumconst  008000
__HnvFARRAM                                  nvFARRAM     000000
__Hnvbit                                     nvbit        000000
__Hnvrram                                    nvrram       000000
__Hparam                                     rparam       000000
__Hpowerup                                   powerup      0000C4
__Hram                                       ram          000000
__Hramtop                                    ramtop       000800
__Hrbit                                      rbit         000000
__Hrbss                                      rbss         000000
__Hrdata                                     rdata        000000
__Hreset_vec                                 reset_vec    000004
__Hrparam                                    rparam       000000
__Hsfr                                       sfr          000000
__Hsmallconst                                smallconst   000000
__Hspace_0                                   (abs)        30000E
__Hspace_1                                   (abs)        0002D1
__Hspace_2                                   (abs)        000000
__Hstack                                     stack        000000
__Hstruct                                    struct       000000
__Htemp                                      temp         00005C
__Htext                                      text         000000
__Htext0                                     text0        000000
__Htext1                                     text1        000000
__Htext10                                    text10       000000
__Htext100                                   text100      000000
__Htext101                                   text101      000000
__Htext102                                   text102      000000
__Htext104                                   text104      000000
__Htext105                                   text105      000000
__Htext106                                   text106      000000
__Htext107                                   text107      000000
__Htext108                                   text108      000000
__Htext109                                   text109      000000
__Htext11                                    text11       000000
__Htext110                                   text110      000000
__Htext111                                   text111      000000
__Htext112                                   text112      000000
__Htext113                                   text113      000000
__Htext114                                   text114      000000
__Htext115                                   text115      000000
__Htext116                                   text116      000000
__Htext117                                   text117      000000
__Htext118                                   text118      000000
__Htext119                                   text119      000000
__Htext12                                    text12       000000
__Htext120                                   text120      000000
__Htext121                                   text121      000000
__Htext122                                   text122      000000
__Htext123                                   text123      000000
__Htext124                                   text124      000000
__Htext125                                   text125      000000
__Htext126                                   text126      000000
__Htext127                                   text127      000000
__Htext128                                   text128      000000
__Htext129                                   text129      000000
__Htext13                                    text13       000000
__Htext130                                   text130      000000
__Htext131                                   text131      000000
__Htext132                                   text132      000000
__Htext133                                   text133      000000
__Htext134                                   text134      000000
__Htext135                                   text135      000000
__Htext136                                   text136      000000
__Htext137                                   text137      000000
__Htext138                                   text138      000000
__Htext139                                   text139      000000
__Htext14                                    text14       000000
__Htext140                                   text140      000000
__Htext141                                   text141      000000
__Htext15                                    text15       000000
__Htext16                                    text16       000000
__Htext17                                    text17       000000
__Htext18                                    text18       000000
__Htext19                                    text19       000000
__Htext2                                     text2        000000
__Htext20                                    text20       000000
__Htext21                                    text21       000000
__Htext22                                    text22       000000
__Htext23                                    text23       000000
__Htext24                                    text24       000000
__Htext25                                    text25       000000
__Htext26                                    text26       000000
__Htext27                                    text27       000000
__Htext28                                    text28       000000
__Htext29                                    text29       000000
__Htext3                                     text3        000000
__Htext30                                    text30       000000
__Htext31                                    text31       000000
__Htext32                                    text32       000000
__Htext33                                    text33       000000
__Htext34                                    text34       000000
__Htext35                                    text35       000000
__Htext36                                    text36       000000
__Htext37                                    text37       000000
__Htext38                                    text38       000000
__Htext39                                    text39       000000
__Htext4                                     text4        000000
__Htext40                                    text40       000000
__Htext41                                    text41       000000
__Htext42                                    text42       000000
__Htext43                                    text43       000000
__Htext44                                    text44       000000
__Htext45                                    text45       000000
__Htext46                                    text46       000000
__Htext47                                    text47       000000
__Htext48                                    text48       000000
__Htext49                                    text49       000000
__Htext5                                     text5        000000
__Htext50                                    text50       000000
__Htext51                                    text51       000000
__Htext52                                    text52       000000
__Htext53                                    text53       000000
__Htext54                                    text54       000000
__Htext55                                    text55       000000
__Htext56                                    text56       000000
__Htext57                                    text57       000000
__Htext58                                    text58       000000
__Htext59                                    text59       000000
__Htext6                                     text6        000000
__Htext60                                    text60       000000
__Htext61                                    text61       000000
__Htext62                                    text62       000000
__Htext63                                    text63       000000
__Htext64                                    text64       000000
__Htext65                                    text65       000000
__Htext66                                    text66       000000
__Htext67                                    text67       000000
__Htext68                                    text68       000000
__Htext69                                    text69       000000
__Htext7                                     text7        000000
__Htext70                                    text70       000000
__Htext71                                    text71       000000
__Htext72                                    text72       000000
__Htext73                                    text73       000000
__Htext74                                    text74       000000
__Htext75                                    text75       000000
__Htext76                                    text76       000000
__Htext77                                    text77       000000
__Htext78                                    text78       000000
__Htext79                                    text79       000000
__Htext8                                     text8        000000
__Htext80                                    text80       000000
__Htext81                                    text81       000000
__Htext82                                    text82       000000
__Htext83                                    text83       000000
__Htext84                                    text84       000000
__Htext85                                    text85       000000
__Htext86                                    text86       000000
__Htext87                                    text87       000000
__Htext88                                    text88       000000
__Htext89                                    text89       000000
__Htext9                                     text9        000000
__Htext90                                    text90       000000
__Htext91                                    text91       000000
__Htext92                                    text92       000000
__Htext93                                    text93       000000
__Htext94                                    text94       000000
__Htext95                                    text95       000000
__Htext96                                    text96       000000
__Htext97                                    text97       000000
__Htext98                                    text98       000000
__Htext99                                    text99       000000
__LRAM                                       (abs)        000001
__Labs1                                      abs1         000000
__Lbank0                                     bank0        000000
__Lbank1                                     bank1        000000
__Lbank2                                     bank2        000000
__Lbank3                                     bank3        000000
__Lbank4                                     bank4        000000
__Lbank5                                     bank5        000000
__Lbank6                                     bank6        000000
__Lbank7                                     bank7        000000
__Lbigbss                                    bigbss       000000
__Lbigdata                                   bigdata      000000
__Lbigram                                    bigram       000000
__LbitbssCOMRAM                              bitbssCOMRAM 000000
__Lbss                                       bss          000000
__LbssBANK0                                  bssBANK0     000000
__LbssBANK1                                  bssBANK1     000000
__LbssBANK2                                  bssBANK2     000000
__LbssCOMRAM                                 bssCOMRAM    000000
__Lcinit                                     cinit        000000
__Lclrtext                                   clrtext      000000
__Lcomram                                    comram       000000
__Lconfig                                    config       300000
__Lconst                                     const        000000
__LcstackBANK0                               cstackBANK0  000000
__LcstackBANK1                               cstackBANK1  000000
__LcstackCOMRAM                              cstackCOMRAM 000000
__Ldata                                      data         000000
__LdataBANK0                                 dataBANK0    000000
__LdataBANK1                                 dataBANK1    000000
__Leeprom_data                               eeprom_data  000000
__Lend_init                                  end_init     0000C4
__Lfarbss                                    farbss       000000
__Lfardata                                   fardata      000000
__Libigdata                                  ibigdata     000000
__Lidata                                     idata        000000
__LidataBANK0                                idataBANK0   000000
__LidataBANK1                                idataBANK1   000000
__Lidloc                                     idloc        200000
__Lifardata                                  ifardata     000000
__Linit                                      init         0000C4
__Lintcode                                   intcode      000008
__Lintcode_body                              intcode_body 000000
__Lintcodelo                                 intcodelo    0000C4
__Lintentry                                  intentry     000000
__Lintret                                    intret       000000
__Lintsave_regs                              intsave_regs 000000
__Lirdata                                    irdata       000000
__Lmediumconst                               mediumconst  00759A
__LnvFARRAM                                  nvFARRAM     000000
__Lnvbit                                     nvbit        000000
__Lnvrram                                    nvrram       000000
__Lparam                                     rparam       000000
__Lpowerup                                   powerup      0000C4
__Lram                                       ram          000000
__Lramtop                                    ramtop       000800
__Lrbit                                      rbit         000000
__Lrbss                                      rbss         000000
__Lrdata                                     rdata        000000
__Lreset_vec                                 reset_vec    000000
__Lrparam                                    rparam       000000
__Lsfr                                       sfr          000000
__Lsmallconst                                smallconst   000000
__Lspace_0                                   (abs)        000000
__Lspace_1                                   (abs)        000000
__Lspace_2                                   (abs)        000000
__Lstack                                     stack        000000
__Lstruct                                    struct       000000
__Ltemp                                      temp         00005B
__Ltext                                      text         000000
__Ltext0                                     text0        000000
__Ltext1                                     text1        000000
__Ltext10                                    text10       000000
__Ltext100                                   text100      000000
__Ltext101                                   text101      000000
__Ltext102                                   text102      000000
__Ltext104                                   text104      000000
__Ltext105                                   text105      000000
__Ltext106                                   text106      000000
__Ltext107                                   text107      000000
__Ltext108                                   text108      000000
__Ltext109                                   text109      000000
__Ltext11                                    text11       000000
__Ltext110                                   text110      000000
__Ltext111                                   text111      000000
__Ltext112                                   text112      000000
__Ltext113                                   text113      000000
__Ltext114                                   text114      000000
__Ltext115                                   text115      000000
__Ltext116                                   text116      000000
__Ltext117                                   text117      000000
__Ltext118                                   text118      000000
__Ltext119                                   text119      000000
__Ltext12                                    text12       000000
__Ltext120                                   text120      000000
__Ltext121                                   text121      000000
__Ltext122                                   text122      000000
__Ltext123                                   text123      000000
__Ltext124                                   text124      000000
__Ltext125                                   text125      000000
__Ltext126                                   text126      000000
__Ltext127                                   text127      000000
__Ltext128                                   text128      000000
__Ltext129                                   text129      000000
__Ltext13                                    text13       000000
__Ltext130                                   text130      000000
__Ltext131                                   text131      000000
__Ltext132                                   text132      000000
__Ltext133                                   text133      000000
__Ltext134                                   text134      000000
__Ltext135                                   text135      000000
__Ltext136                                   text136      000000
__Ltext137                                   text137      000000
__Ltext138                                   text138      000000
__Ltext139                                   text139      000000
__Ltext14                                    text14       000000
__Ltext140                                   text140      000000
__Ltext141                                   text141      000000
__Ltext15                                    text15       000000
__Ltext16                                    text16       000000
__Ltext17                                    text17       000000
__Ltext18                                    text18       000000
__Ltext19                                    text19       000000
__Ltext2                                     text2        000000
__Ltext20                                    text20       000000
__Ltext21                                    text21       000000
__Ltext22                                    text22       000000
__Ltext23                                    text23       000000
__Ltext24                                    text24       000000
__Ltext25                                    text25       000000
__Ltext26                                    text26       000000
__Ltext27                                    text27       000000
__Ltext28                                    text28       000000
__Ltext29                                    text29       000000
__Ltext3                                     text3        000000
__Ltext30                                    text30       000000
__Ltext31                                    text31       000000
__Ltext32                                    text32       000000
__Ltext33                                    text33       000000
__Ltext34                                    text34       000000
__Ltext35                                    text35       000000
__Ltext36                                    text36       000000
__Ltext37                                    text37       000000
__Ltext38                                    text38       000000
__Ltext39                                    text39       000000
__Ltext4                                     text4        000000
__Ltext40                                    text40       000000
__Ltext41                                    text41       000000
__Ltext42                                    text42       000000
__Ltext43                                    text43       000000
__Ltext44                                    text44       000000
__Ltext45                                    text45       000000
__Ltext46                                    text46       000000
__Ltext47                                    text47       000000
__Ltext48                                    text48       000000
__Ltext49                                    text49       000000
__Ltext5                                     text5        000000
__Ltext50                                    text50       000000
__Ltext51                                    text51       000000
__Ltext52                                    text52       000000
__Ltext53                                    text53       000000
__Ltext54                                    text54       000000
__Ltext55                                    text55       000000
__Ltext56                                    text56       000000
__Ltext57                                    text57       000000
__Ltext58                                    text58       000000
[...]
		_USART_mySetLineCodingHandler
 This function uses a non-reentrant model


 *************** function ___lldiv *****************
 Defined at:
		line 8 in file "C:\Program Files (x86)\Microchip\xc8\v1.35\sources\common\lldiv.c"
 Parameters:    Size  Location     Type
  dividend        4    0[COMRAM] unsigned long 
  divisor         4    4[COMRAM] unsigned long 
 Auto vars:     Size  Location     Type
  quotient        4    8[COMRAM] unsigned long 
  counter         1   12[COMRAM] unsigned char 
 Return value:  Size  Location     Type
                  4    0[COMRAM] unsigned long 
 Registers used:
		wreg, status,2, status,0
 Tracked objects:
		On entry : 
		On exit  : 
		Unchanged: 
 Data sizes:     COMRAM   BANK0   BANK1   BANK2   BANK3   BANK4   BANK5   BANK6   BANK7
      Params:         8       0       0       0       0       0       0       0       0
      Locals:         5       0       0       0       0       0       0       0       0
      Temps:          0       0       0       0       0       0       0       0       0
      Totals:        13       0       0       0       0       0       0       0       0
Total ram usage:       13 bytes
 Hardware stack levels used:    1
 This function calls:
		Nothing
 This function is called by:
		_USART_mySetLineCodingHandler
 This function uses a non-reentrant model


 *************** function _TMRapp_Tick *****************
 Defined at:
		line 45 in file "../Includes/Drivers/TMRapp.c"
 Parameters:    Size  Location     Type
		None
 Auto vars:     Size  Location     Type
		None
 Return value:  Size  Location     Type
		None               void
 Registers used:
		None
 Tracked objects:
		On entry : 
		On exit  : 
		Unchanged: 
 Data sizes:     COMRAM   BANK0   BANK1   BANK2   BANK3   BANK4   BANK5   BANK6   BANK7
      Params:         0       0       0       0       0       0       0       0       0
      Locals:         0       0       0       0       0       0       0       0       0
      Temps:          0       0       0       0       0       0       0       0       0
      Totals:         0       0       0       0       0       0       0       0       0
Total ram usage:        0 bytes
 Hardware stack levels used:    1
 This function calls:
		Nothing
 This function is called by:
		_INTERRUPT_InterruptManager
 This function uses a non-reentrant model


 *************** function _TMR3_ISR *****************
 Defined at:
		line 161 in file "../Includes/MccGenerated/tmr3.c"
 Parameters:    Size  Location     Type
		None
 Auto vars:     Size  Location     Type
		None
 Return value:  Size  Location     Type
		None               void
 Registers used:
		wreg, status,2
 Tracked objects:
		On entry : 
		On exit  : 
		Unchanged: 
 Data sizes:     COMRAM   BANK0   BANK1   BANK2   BANK3   BANK4   BANK5   BANK6   BANK7
      Params:         0       0       0       0       0       0       0       0       0
      Locals:         0       0       0       0       0       0       0       0       0
      Temps:          0       0       0       0       0       0       0       0       0
      Totals:         0       0       0       0       0       0       0       0       0
Total ram usage:        0 bytes
 Hardware stack levels used:    1
 This function calls:
		Nothing
 This function is called by:
		_INTERRUPT_InterruptManager
 This function uses a non-reentrant model


 *************** function _TMR1_ISR *****************
 Defined at:
		line 152 in file "../Includes/MccGenerated/tmr1.c"
 Parameters:    Size  Location     Type
		None
 Auto vars:     Size  Location     Type
		None
 Return value:  Size  Location     Type
		None               void
 Registers used:
		wreg, status,2
 Tracked objects:
		On entry : 
		On exit  : 
		Unchanged: 
 Data sizes:     COMRAM   BANK0   BANK1   BANK2   BANK3   BANK4   BANK5   BANK6   BANK7
      Params:         0       0       0       0       0       0       0       0       0
      Locals:         0       0       0       0       0       0       0       0       0
      Temps:          0       0       0       0       0       0       0       0       0
      Totals:         0       0       0       0       0       0       0       0       0
Total ram usage:        0 bytes
 Hardware stack levels used:    1
 This function calls:
		Nothing
 This function is called by:
		_INTERRUPT_InterruptManager
 This function uses a non-reentrant model


 *************** function _EUSART_Transmit_ISR *****************
 Defined at:
		line 162 in file "../Includes/MccGenerated/eusart.c"
 Parameters:    Size  Location     Type
		None
 Auto vars:     Size  Location     Type
		None
 Return value:  Size  Location     Type
		None               void
 Registers used:
		wreg, fsr2l, fsr2h, status,2, status,0, prodl, prodh
 Tracked objects:
		On entry : 
		On exit  : 
		Unchanged: 
 Data sizes:     COMRAM   BANK0   BANK1   BANK2   BANK3   BANK4   BANK5   BANK6   BANK7
      Params:         0       0       0       0       0       0       0       0       0
      Locals:         0       0       0       0       0       0       0       0       0
      Temps:          0       0       0       0       0       0       0       0       0
      Totals:         0       0       0       0       0       0       0       0       0
Total ram usage:        0 bytes
 Hardware stack levels used:    1
 This function calls:
		Nothing
 This function is called by:
		_INTERRUPT_InterruptManager
 This function uses a non-reentrant model


 *************** function _EUSART_Receive_ISR *****************
 Defined at:
		line 181 in file "../Includes/MccGenerated/eusart.c"
 Parameters:    Size  Location     Type
		None
 Auto vars:     Size  Location     Type
		None
 Return value:  Size  Location     Type
		None               void
 Registers used:
		wreg, fsr2l, fsr2h, status,2, status,0, prodl, prodh
 Tracked objects:
		On entry : 
		On exit  : 
		Unchanged: 
 Data sizes:     COMRAM   BANK0   BANK1   BANK2   BANK3   BANK4   BANK5   BANK6   BANK7
      Params:         0       0       0       0       0       0       0       0       0
      Locals:         0       0       0       0       0       0       0       0       0
      Temps:          0       0       0       0       0       0       0       0       0
      Totals:         0       0       0       0       0       0       0       0       0
Total ram usage:        0 bytes
 Hardware stack levels used:    1
 This function calls:
		Nothing
 This function is called by:
		_INTERRUPT_InterruptManager
 This function uses a non-reentrant model


 *************** function _CMP1_ISR *****************
 Defined at:
		line 95 in file "../Includes/MccGenerated/cmp1.c"
 Parameters:    Size  Location     Type
		None
 Auto vars:     Size  Location     Type
		None
 Return value:  Size  Location     Type
		None               void
 Registers used:
		None
 Tracked objects:
		On entry : 
		On exit  : 
		Unchanged: 
 Data sizes:     COMRAM   BANK0   BANK1   BANK2   BANK3   BANK4   BANK5   BANK6   BANK7
      Params:         0       0       0       0       0       0       0       0       0
      Locals:         0       0       0       0       0       0       0       0       0
      Temps:          0       0       0       0       0       0       0       0       0
      Totals:         0       0       0       0       0       0       0       0       0
Total ram usage:        0 bytes
 Hardware stack levels used:    1
 This function calls:
		Nothing
 This function is called by:
		_INTERRUPT_InterruptManager
 This function uses a non-reentrant model



MODULE INFORMATION

Module		Function		Class		Link	Load	Size
../Includes/MccGenerated/cmp1.c
		_CMP1_ISR      		CODE           	6B28	0000	5
		_CMP1_Initialize		CODE           	6A5C	0000	19

../Includes/MccGenerated/cmp1.c estimated size: 24

../Includes/MccGenerated/pin_manager.c
		_PIN_MANAGER_Initialize		CODE           	6244	0000	87

../Includes/MccGenerated/pin_manager.c estimated size: 87

C:\Program Files (x86)\Microchip\xc8\v1.35\sources\common\sprcadd.c
		___fladd       		CODE           	1988	0000	1193

C:\Program Files (x86)\Microchip\xc8\v1.35\sources\common\sprcadd.c estimated size: 1193

../Includes/Usb/Framework/usb_device.c
		_USBCtrlTrfInHandler		CODE           	4820	0000	225
		_USBTransferOnePacket		CODE           	4B94	0000	217
		_USBDeviceAttach		CODE           	66FA	0000	53
		_USBStdGetDscHandler		CODE           	3C88	0000	289
		_USBCtrlEPAllowDataStage		CODE           	571A	0000	157
		_USBStdFeatureReqHandler		CODE           	2B34	0000	645
		_USBCtrlEPAllowStatusStage		CODE           	4EDC	0000	207
		_USBCtrlTrfSetupHandler		CODE           	595E	0000	137
		_USBCtrlTrfOutHandler		CODE           	5FC6	0000	97
		_USBCtrlEPServiceComplete		CODE           	3FB6	0000	257
		_USBSuspend    		CODE           	6816	0000	43
		_USBStdSetCfgHandler		CODE           	4740	0000	225
		_USBStdGetStatusHandler		CODE           	5290	0000	173
		_USBWakeFromSuspend		CODE           	6790	0000	49
		_USBCtrlTrfRxService		CODE           	3A2C	0000	305
		_USBCtrlTrfTxService		CODE           	4FAA	0000	207
		_USBEnableEndpoint		CODE           	6502	0000	61
		_USBConfigureEndpoint		CODE           	57B6	0000	149
		_USBDeviceInit 		CODE           	3528	0000	343
		_USBCtrlEPService		CODE           	4E0E	0000	207
		_USBStallHandler		CODE           	6408	0000	67
		_USBDeviceTasks		CODE           	38F8	0000	309
		_USBCheckStdRequest		CODE           	49DE	0000	221

../Includes/Usb/Framework/usb_device.c estimated size: 4643

C:\Program Files (x86)\Microchip\xc8\v1.35\sources\common\lbdiv.c
		___lbdiv       		CODE           	6026	0000	93

C:\Program Files (x86)\Microchip\xc8\v1.35\sources\common\lbdiv.c estimated size: 93

C:\Program Files (x86)\Microchip\xc8\v1.35\sources\common\xxtofl.c
		___xxtofl      		CODE           	302E	0000	463

C:\Program Files (x86)\Microchip\xc8\v1.35\sources\common\xxtofl.c estimated size: 463

../Includes/Drivers/buttons.c
		_service_pushbutton		CODE           	5B64	0000	125

../Includes/Drivers/buttons.c estimated size: 125

../Includes/MccGenerated/interrupt_manager.c
		_INTERRUPT_InterruptManager		CODE           	0008	0000	189

../Includes/MccGenerated/interrupt_manager.c estimated size: 189

C:\Program Files (x86)\Microchip\xc8\v1.35\sources\common\strcmp.c
		_strcmp        		CODE           	61EC	0000	89

C:\Program Files (x86)\Microchip\xc8\v1.35\sources\common\strcmp.c estimated size: 89

../Includes/Board/USBapp.c
		_USBapp_exitCDCState		CODE           	6ACE	0000	11
		_USBapp_DeviceCdcEmulatorHandler		CODE           	4660	0000	225
		_USBapp_handlerState		CODE           	6AD8	0000	11
		_USART_mySetLineCodingHandler		CODE           	6192	0000	91
		_USBapp_exitCDC		CODE           	6B06	0000	7
		_USER_USB_CALLBACK_EVENT_HANDLER		CODE           	6082	0000	93
		_USBapp_getrxByteFlag		CODE           	6B18	0000	5
		_USBapp_setrxByteFlag		CODE           	6B0C	0000	7
		_USBapp_Handler		CODE           	4D40	0000	207
		_USBapp_CdcEmulatorInitialize		CODE           	6138	0000	91

../Includes/Board/USBapp.c estimated size: 748

C:\Program Files (x86)\Microchip\xc8\v1.35\sources\common\memset.c
		_memset        		CODE           	66C6	0000	53

C:\Program Files (x86)\Microchip\xc8\v1.35\sources\common\memset.c estimated size: 53

../Includes/MccGenerated/memory.c
		_DATAEE_WriteByte		CODE           	64C6	0000	61
		_DATAEE_ReadByte		CODE           	69FA	0000	23

../Includes/MccGenerated/memory.c estimated size: 84

../Includes/Drivers/SSD1306oLED.c
		_oled_displayOff		CODE           	6A9C	0000	15
		_Set_Column_Address		CODE           	693A	0000	29
		_oled_powerControl		CODE           	6A7E	0000	17
		_oled_putString		CODE           	5E92	0000	109
		_oled_clear    		CODE           	6956	0000	27
		_oled_regulorResistorSelect		CODE           	6A6E	0000	17
		_oled_clearRow 		CODE           	6868	0000	41
		_oled_initialDispayLine		CODE           	6A38	0000	19
		_oled_writeCommand		CODE           	69CE	0000	23
		_Set_Page_Address		CODE           	698A	0000	25
		_oled_writeData		CODE           	69B8	0000	23
		_oled_setDisplay		CODE           	67EC	0000	43
		_oled_setContrastControlRegister		CODE           	6A10	0000	21
		_oled_init     		CODE           	672E	0000	51
		_oled_devInit  		CODE           	5A68	0000	129
		_oled_putint8  		CODE           	4C6C	0000	213
		_oled_putChar  		CODE           	5490	0000	169
		_oled_setFont  		CODE           	69A2	0000	23
		_oled_putUint8 		CODE           	53E8	0000	169

../Includes/Drivers/SSD1306oLED.c estimated size: 1163

../Includes/MccGenerated/tmr3.c
		_TMR3_ISR      		CODE           	691C	0000	31
		_TMR3_Initialize		CODE           	68FA	0000	35
		_TMR3_StartTimer		CODE           	6B1C	0000	5

../Includes/MccGenerated/tmr3.c estimated size: 71

C:\Program Files (x86)\Microchip\xc8\v1.35\sources\common\lwmod.c
		___lwmod       		CODE           	5F64	0000	99

C:\Program Files (x86)\Microchip\xc8\v1.35\sources\common\lwmod.c estimated size: 99

../Includes/Board/MOTEapp.c
		_moteApp_add16bToDataBuffer		CODE           	31FC	0000	435
		_moteRunningProcess		CODE           	00C8	0000	4695
		_MOTEapp_setResponseReady		CODE           	6AFE	0000	9
		_moteApp_getTempValue		CODE           	62EA	0000	75
		_hexToStr      		CODE           	6578	0000	59
		_moteApp_clearBuffers		CODE           	5132	0000	177
		_sendDataCommand		CODE           	4ABA	0000	219
		_moteJoiningProcess		CODE           	131E	0000	1643
		_MOTEapp_TimerBasedTask		CODE           	6890	0000	39
		_moteApp_getLightValue		CODE           	60DE	0000	91
		_moteApp_GoToSleep		CODE           	3EB4	0000	259
		_EndLine       		CODE           	6AAA	0000	15
		_MOTEapp_handlerState		CODE           	6AE2	0000	11
		_moduleSleep   		CODE           	6840	0000	41
		_MOTEapp_SetDataRateSetting		CODE           	22D6	0000	1183
		_sendCommand   		CODE           	6760	0000	49
		_moteApp_toggleLeds		CODE           	41B2	0000	245
		_moteApp_delayms		CODE           	65B2	0000	59
		_moteApp_add8bToDataBuffer		CODE           	4900	0000	223
		_moteHandler   		CODE           	2DB8	0000	631
		_moteApp_clearCommand		CODE           	6A4A	0000	19
		_MOTEapp_getModuleResponse		CODE           	5CD0	0000	117
		_moduleResync  		CODE           	584A	0000	141
		_moteApp_testSensors		CODE           	448A	0000	237
		_moteApp_setSensorsInput		CODE           	58D6	0000	137
		_moteApp_getLightString		CODE           	6A8E	0000	15
		_moteApp_setLightString		CODE           	5AE8	0000	125
		_moteApp_convertSensorValue		CODE           	567C	0000	159

../Includes/Board/MOTEapp.c estimated size: 11108

../Includes/MccGenerated/tmr1.c
		_TMR1_Initialize		CODE           	65EC	0000	57
		_TMR1_StartTimer		CODE           	6B24	0000	5
		_TMR1_ISR      		CODE           	6AB8	0000	13

../Includes/MccGenerated/tmr1.c estimated size: 75

../Includes/MccGenerated/adc.c
		_ADC_TempConversion		CODE           	42A6	0000	243
		_ADC_Initialize		CODE           	6970	0000	27

../Includes/MccGenerated/adc.c estimated size: 270

shared
		_configDescriptor1		MEDIUMCONST    	78A3	0000	68
		_USB_CD_Ptr    		MEDIUMCONST    	75A1	0000	3
		_sd001         		MEDIUMCONST    	78E6	0000	53
		_OledFont0     		MEDIUMCONST    	75A3	0000	769
		_sd002         		MEDIUMCONST    	791A	0000	53
		i2_EUSART_Initialize		CODE           	6488	0000	63
		i2_USBDeviceInit		CODE           	37C0	0000	313
		__initialization		CODE           	5BE0	0000	107
		_device_dsc    		MEDIUMCONST    	794E	0000	19
		_USB_SD_Ptr    		MEDIUMCONST    	759B	0000	7
		i2_memset      		CODE           	67C0	0000	45
		_sd000         		MEDIUMCONST    	7960	0000	5
		i2_USBTransferOnePacket		CODE           	5078	0000	187

shared estimated size: 1692

../Includes/MccGenerated/eusart.c
		_EUSART_Read   		CODE           	637E	0000	71
		_EUSART_Write  		CODE           	63C4	0000	69
		_EUSART_Transmit_ISR		CODE           	665A	0000	55
		_EUSART_Initialize		CODE           	644A	0000	63
		_EUSART_Receive_ISR		CODE           	6690	0000	55
		_EUSART_FlushBuffer		CODE           	629A	0000	81

../Includes/MccGenerated/eusart.c estimated size: 394

C:\Program Files (x86)\Microchip\xc8\v1.35\sources\common\awmod.c
		___awmod       		CODE           	5538	0000	163

C:\Program Files (x86)\Microchip\xc8\v1.35\sources\common\awmod.c estimated size: 163

C:\Program Files (x86)\Microchip\xc8\v1.35\sources\common\memcpy.c
		_memcpy        		CODE           	6334	0000	75

C:\Program Files (x86)\Microchip\xc8\v1.35\sources\common\memcpy.c estimated size: 75

C:\Program Files (x86)\Microchip\xc8\v1.35\sources\common\strncmp.c
		_strncmp       		CODE           	55DA	0000	163

C:\Program Files (x86)\Microchip\xc8\v1.35\sources\common\strncmp.c estimated size: 163

../Includes/Drivers/TMRapp.c
		_TMRapp_ClearBitFlags		CODE           	6AF6	0000	9
		_TMRapp_Tick   		CODE           	6B12	0000	7
		_TMRapp_Handler		CODE           	367E	0000	323

../Includes/Drivers/TMRapp.c estimated size: 339

C:\Program Files (x86)\Microchip\xc8\v1.35\sources\common\almod.c
		___almod       		CODE           	4398	0000	243

C:\Program Files (x86)\Microchip\xc8\v1.35\sources\common\almod.c estimated size: 243

C:\Program Files (x86)\Microchip\xc8\v1.35\sources\common\sprcmul.c
		___flmul       		CODE           	1E30	0000	1191

C:\Program Files (x86)\Microchip\xc8\v1.35\sources\common\sprcmul.c estimated size: 1191

C:\Program Files (x86)\Microchip\xc8\v1.35\sources\common\lwdiv.c
		___lwdiv       		CODE           	5C58	0000	121

C:\Program Files (x86)\Microchip\xc8\v1.35\sources\common\lwdiv.c estimated size: 121

C:\Program Files (x86)\Microchip\xc8\v1.35\sources\common\sprcdiv.c
		___fldiv       		CODE           	2774	0000	961

C:\Program Files (x86)\Microchip\xc8\v1.35\sources\common\sprcdiv.c estimated size: 961

../Includes/MccGenerated/mcc.c
		_OSCILLATOR_Initialize		CODE           	69E4	0000	23
		_SYSTEM_Initialize		CODE           	68D8	0000	35

../Includes/MccGenerated/mcc.c estimated size: 58

C:\Program Files (x86)\Microchip\xc8\v1.35\sources\common\Umul16.c
		___wmul        		CODE           	6624	0000	55

C:\Program Files (x86)\Microchip\xc8\v1.35\sources\common\Umul16.c estimated size: 55

C:\Program Files (x86)\Microchip\xc8\v1.35\sources\common\fltol.c
		___fltol       		CODE           	3DA8	0000	269

C:\Program Files (x86)\Microchip\xc8\v1.35\sources\common\fltol.c estimated size: 269

C:\Program Files (x86)\Microchip\xc8\v1.35\sources\common\lldiv.c
		___lldiv       		CODE           	59E6	0000	131

C:\Program Files (x86)\Microchip\xc8\v1.35\sources\common\lldiv.c estimated size: 131

main.c
		_main          		CODE           	3B5C	0000	301

main.c estimated size: 301

../Includes/Usb/Framework/usb_device_cdc.c
		_CDCTxService  		CODE           	33AE	0000	379
		_CDCInitEP     		CODE           	5E24	0000	111
		_putUSBUSART   		CODE           	68B6	0000	35
		_getsUSBUSART  		CODE           	4576	0000	235
		_USBCheckCDCRequest		CODE           	533C	0000	173

../Includes/Usb/Framework/usb_device_cdc.c estimated size: 933

../Includes/Board/poweruptest.c
		_test_comms    		CODE           	5DB6	0000	111
		_test_switch   		CODE           	40B6	0000	253
		_test_oled     		CODE           	51E2	0000	175
		_test_leds     		CODE           	5EFE	0000	103
		_test_powerup  		CODE           	5D44	0000	115
		_delayms       		CODE           	653E	0000	59

../Includes/Board/poweruptest.c estimated size: 816

../Includes/MccGenerated/tmr2.c
		_TMR2_Initialize		CODE           	6A24	0000	21
		_TMR2_StartTimer		CODE           	6B20	0000	5
		_TMR2_ReadTimer		CODE           	6AC4	0000	11

../Includes/MccGenerated/tmr2.c estimated size: 37

